[2018-03-24T11:35:36.931+0000][71310][gc] Using Concurrent Mark Sweep
[2018-03-24T11:35:36.932+0000][71310][gc,heap,coops] Heap address: 0x0000000780000000, size: 1024 MB, Compressed Oops mode: Zero based, Oop shift amount: 3
[2018-03-24T11:35:37.043+0000][71310][safepoint    ] Application time: 0.0022150 seconds
[2018-03-24T11:35:37.043+0000][71310][safepoint    ] Total time for which application threads were stopped: 0.0000733 seconds, Stopping threads took: 0.0000109 seconds
[2018-03-24T11:35:37.159+0000][71310][safepoint    ] Application time: 0.1163069 seconds
[2018-03-24T11:35:37.160+0000][71310][safepoint    ] Total time for which application threads were stopped: 0.0000904 seconds, Stopping threads took: 0.0000147 seconds
[2018-03-24T11:35:37.204+0000][71310][safepoint    ] Application time: 0.0440705 seconds
[2018-03-24T11:35:37.204+0000][71310][safepoint    ] Total time for which application threads were stopped: 0.0000762 seconds, Stopping threads took: 0.0000109 seconds
[2018-03-24T11:35:37.261+0000][71310][safepoint    ] Application time: 0.0568339 seconds
[2018-03-24T11:35:37.261+0000][71310][safepoint    ] Total time for which application threads were stopped: 0.0001705 seconds, Stopping threads took: 0.0000190 seconds
[2018-03-24T11:35:37.281+0000][71310][gc,heap,exit ] Heap
[2018-03-24T11:35:37.281+0000][71310][gc,heap,exit ]  par new generation   total 306688K, used 21819K [0x0000000780000000, 0x0000000794cc0000, 0x0000000794cc0000)
[2018-03-24T11:35:37.281+0000][71310][gc,heap,exit ]   eden space 272640K,   8% used [0x0000000780000000, 0x000000078154ed28, 0x0000000790a40000)
[2018-03-24T11:35:37.281+0000][71310][gc,heap,exit ]   from space 34048K,   0% used [0x0000000790a40000, 0x0000000790a40000, 0x0000000792b80000)
[2018-03-24T11:35:37.281+0000][71310][gc,heap,exit ]   to   space 34048K,   0% used [0x0000000792b80000, 0x0000000792b80000, 0x0000000794cc0000)
[2018-03-24T11:35:37.281+0000][71310][gc,heap,exit ]  concurrent mark-sweep generation total 707840K, used 0K [0x0000000794cc0000, 0x00000007c0000000, 0x00000007c0000000)
[2018-03-24T11:35:37.281+0000][71310][gc,heap,exit ]  Metaspace       used 8635K, capacity 8834K, committed 9088K, reserved 1056768K
[2018-03-24T11:35:37.281+0000][71310][gc,heap,exit ]   class space    used 824K, capacity 879K, committed 896K, reserved 1048576K
[2018-03-24T11:35:37.281+0000][71310][safepoint    ] Application time: 0.0200864 seconds
